<html>
<body>
<pre>
<h1>µVision Build Log</h1>
<h2>Tool Versions:</h2>
IDE-Version: µVision V5.38.0.0
Copyright (C) 2022 ARM Ltd and ARM Germany GmbH. All rights reserved.
License Information: Neo N, N, LIC=----
 
Tool Versions:
Toolchain:       MDK-Lite  Version: 5.38.0.0
Toolchain Path:  C:\Keil_v5\ARM\ARMCLANG\Bin
C Compiler:      ArmClang.exe V6.19
Assembler:       Armasm.exe V6.19
Linker/Locator:  ArmLink.exe V6.19
Library Manager: ArmAr.exe V6.19
Hex Converter:   FromElf.exe V6.19
CPU DLL:         SARMCM3.DLL V5.38.0.0
Dialog DLL:      DCM.DLL V1.17.5.0
Target DLL:      CMSIS_AGDI.dll V1.33.15.0
Dialog DLL:      TCM.DLL V1.56.4.0
 
<h2>Project:</h2>
C:\Users\Neo\Documents\keil_workspace\DEMO\motor_clean\motor\motor_pid.uvprojx
Project File Date:  12/08/2023

<h2>Output:</h2>
*** Using Compiler 'V6.19', folder: 'C:\Keil_v5\ARM\ARMCLANG\Bin'
Rebuild target 'Target 1'
compiling adc.c...
compiling gpio.c...
compiling audio.c...
compiling i2c.c...
compiling ledbtn.c...
compiling lsm303agr.c...
compiling motor.c...
compiling printf.c...
compiling pwm.c...
compiling timer.c...
compiling uart.c...
compiling main.c...
compiling touch.c...
compiling radio.c...
assembling arm_startup_nrf52833.s...
compiling system_nrf52.c...
linking...
Program Size: Code=7770 RO-data=598 RW-data=8 ZI-data=16984  
".\Objects\motor_pid.axf" - 0 Error(s), 0 Warning(s).

<h2>Software Packages used:</h2>

Package Vendor: ARM
                http://www.keil.com/pack/ARM.CMSIS.5.9.0.pack
                ARM.CMSIS.5.9.0
                CMSIS (Common Microcontroller Software Interface Standard)
   * Component: CORE Version: 5.6.0

Package Vendor: NordicSemiconductor
                http://developer.nordicsemi.com/nRF5_SDK/pieces/nRF_DeviceFamilyPack/NordicSemiconductor.nRF_DeviceFamilyPack.8.44.1.pack
                NordicSemiconductor.nRF_DeviceFamilyPack.8.44.1
                Nordic Semiconductor nRF ARM devices Device Family Pack with BSD license.
   * Component: Startup Version: 8.44.1

<h2>Collection of Component include folders:</h2>
  ./RTE/_Target_1
  C:/Users/Neo/AppData/Local/Arm/Packs/ARM/CMSIS/5.9.0/CMSIS/Core/Include
  C:/Users/Neo/AppData/Local/Arm/Packs/NordicSemiconductor/nRF_DeviceFamilyPack/8.44.1/Device/Include

<h2>Collection of Component Files used:</h2>

   * Component: ARM::CMSIS:CORE:5.6.0

   * Component: NordicSemiconductor::Device:Startup:8.44.1
      Include file:  Device/Include/system_nrf52833.h
      Source file:   Device/Source/system_nrf52.c
      Source file:   Device/Source/arm/arm_startup_nrf52833.s
      Include file:  Device/Include/system_nrf.h
Build Time Elapsed:  00:00:03
</pre>
</body>
</html>
